---
source: compiler/parser/src/string_parser.rs
expression: "parse_fstring(\"\").unwrap()"
---
[]
